// Jest Snapshot v1, https://goo.gl/fbAQLP

exports[`<CurrentTime /> matches snapshot 1`] = `
ShallowWrapper {
  Symbol(enzyme.__root__): [Circular],
  Symbol(enzyme.__unrendered__): <CurrentTime />,
  Symbol(enzyme.__renderer__): Object {
    "batchedUpdates": [Function],
    "getNode": [Function],
    "render": [Function],
    "simulateError": [Function],
    "simulateEvent": [Function],
    "unmount": [Function],
  },
  Symbol(enzyme.__node__): Object {
    "instance": null,
    "key": undefined,
    "nodeType": "host",
    "props": Object {
      "children": <time
        className="date__datetime"
        dateTime="2018-10-08T17:27:08+02:00"
      >
        Oct 8th 2018
      </time>,
      "className": "date",
    },
    "ref": null,
    "rendered": Object {
      "instance": null,
      "key": undefined,
      "nodeType": "host",
      "props": Object {
        "children": "Oct 8th 2018",
        "className": "date__datetime",
        "dateTime": "2018-10-08T17:27:08+02:00",
      },
      "ref": null,
      "rendered": "Oct 8th 2018",
      "type": "time",
    },
    "type": "p",
  },
  Symbol(enzyme.__nodes__): Array [
    Object {
      "instance": null,
      "key": undefined,
      "nodeType": "host",
      "props": Object {
        "children": <time
          className="date__datetime"
          dateTime="2018-10-08T17:27:08+02:00"
        >
          Oct 8th 2018
        </time>,
        "className": "date",
      },
      "ref": null,
      "rendered": Object {
        "instance": null,
        "key": undefined,
        "nodeType": "host",
        "props": Object {
          "children": "Oct 8th 2018",
          "className": "date__datetime",
          "dateTime": "2018-10-08T17:27:08+02:00",
        },
        "ref": null,
        "rendered": "Oct 8th 2018",
        "type": "time",
      },
      "type": "p",
    },
  ],
  Symbol(enzyme.__options__): Object {
    "adapter": ReactSixteenAdapter {
      "options": Object {
        "enableComponentDidUpdateOnSetState": true,
        "lifecycles": Object {
          "componentDidUpdate": Object {
            "onSetState": true,
          },
          "getDerivedStateFromProps": true,
          "getSnapshotBeforeUpdate": true,
          "setState": Object {
            "skipsComponentDidUpdateOnNullish": true,
          },
        },
      },
    },
  },
}
`;
